// Jest Snapshot v1, https://goo.gl/fbAQLP

exports[`matches snapshot 1`] = `
<button
  className="base normal medium primary iconOnly"
  disabled={false}
  onClick={[Function]}
  title="my-button"
  type="button"
>
  <div
    className="inner"
  />
</button>
`;
