// Jest Snapshot v1, https://goo.gl/fbAQLP

exports[`matches snapshot 1`] = `
<span
  className="base currentColor normal"
  dangerouslySetInnerHTML={
    Object {
      "__html": Object {},
    }
  }
  onClick={[Function]}
  onFocus={[Function]}
  onMouseDown={[Function]}
  role="presentation"
  style={
    Object {
      "transform": "",
    }
  }
/>
`;
